
============================================================
  Step 0: Classical
============================================================

============================================================
[Step 0] Classical Methods -- LiH
============================================================
  Basis     : sto-3g
  Charge    : 0   Spin (2S): 0
  Methods   : ['HF', 'MP2']
  Electrons : 4   AOs: 6
  Step 1 not found -- CASSCF/NEVPT2 will use a fallback active space. Run step 1 first for a meaningful comparison.

-- HF --
  [HF] done in 0.1s
  RHF energy: -7.86202696 Ha (converged: True)

-- MP2 --
  [MP2] done in 0.0s
  E_corr: -0.01286396 Ha   MP2 energy: -7.87489092 Ha

========================================================================
[Step 0] Results -- LiH / sto-3g
========================================================================

  Method           Energy (Ha)    vs HF (Ha)    kcal/mol  reproducibility     
  ----------------------------------------------------------------------
  HF               -7.86202696     +0.000000       +0.00  deterministic       
  MP2              -7.87489092     -0.012864       -8.07  deterministic       

  'optimizer-dependent' values can differ between runs and machines; see docs/limitations.md.
  Total time: 0.7s
========================================================================

[Step 0] Saved -> /home/loharkar/quenais-standalone/quenais/runs/lih_gqe/results/step0_classical.pkl

============================================================
  Step 1: Active space
============================================================

============================================================
[Step 1] Active Space Finder -- LiH
============================================================
  Atoms     : 2 ['Li', 'H']  Basis: sto-3g
  Electrons : 4  AOs: 6

-- Phase A: UHF + Classification --
  UHF energy = -7.86202696 Ha (converged: True)
  Spin  : 0.0000  contaminated=False
  Gap   : min=9.9041 eV
  TM    : False  ->  Tier 1

-- Phase B: MP2 Density + ASF --
  MP2 used: True  E_corr: -0.012864 Ha
  ASF (Tier 1): entropy_threshold=0.05, max_norb=12, min_norb=2

--------------------------------------------------------------------------------
Calculating MP2 natural orbitals
--------------------------------------------------------------------------------


-> Selected initial orbital window of 4 electrons in 6 MP2 natural orbitals.

--------------------------------------------------------------------------------
Running calculation
--------------------------------------------------------------------------------

spin = 0, number of roots = 1
total number of roots calculated = 1


Orbital selection for state 0:

/home/loharkar/quenais-standalone/quenais/quenais-env/lib/python3.11/site-packages/asf/utility.py:389: UserWarning: 'where' used without 'out', expect unitialized memory in output. If this is intentional, use out=None.
  WlogW = orbdens * np.log(orbdens, where=where_positive)
 MO    w( )    w(↑)    w(↓)    w(⇅)       S  sel
  0   0.000   0.000   0.000   1.000   0.001     
  1   0.023   0.002   0.002   0.974   0.131    a
  2   0.979   0.000   0.000   0.021   0.107    a
  3   0.999  -0.000  -0.000   0.001   0.006     
  4   0.999   0.000   0.000   0.001   0.006     
  5   0.997   0.002   0.002   0.000   0.023     


--------------------------------------------------------------------------------
Active space selection finished
--------------------------------------------------------------------------------

-> Selected an active space of 2 electrons in 2 orbitals.
  ASF candidates: 2 orbitals -> [1, 2]

-- Phase C: Gap Detection --

  Candidate orbital deviations (sorted):
     MO       dev
      1    0.0177
      2    0.0149
  Gap detected: 0.0149 at position 2 -> orbitals [1, 2]
  Total electrons: 4  Core MOs: 1  Raw active: 2
  Final active electrons: 2

-- Phase D: Loewdin Population --

     MO    Atom  Symbol    Weight
  ---------------------------------
      1       0      Li    0.5069
      2       0      Li    0.5154

============================================================
[Step 1] Summary -- LiH
  Tier: 1  Active space: (2e, 2orb)  Orbitals: [1, 2]
  Selection: automatic (ASF)
  Correlation strength: 0.0163
============================================================

[Step 1] Saved -> /home/loharkar/quenais-standalone/quenais/runs/lih_gqe/results/step1_asf.pkl

============================================================
  Step 2: Embedding Hamiltonian
============================================================

============================================================
[Step 2] DMET Embedding -- LiH
============================================================
  Active space (step 1): (2e, 2orb) MOs=[1, 2]
  reference=casci   mu_correction=True

-- Phase A: Restore UHF from step 1 --
  UHF energy = -7.86202696 Ha (restored, not recomputed)

-- Phase B: Reference Density (casci) --
  [diag] MP2 density active<->non-active coupling: max|.|=7.12e-06
  {'method': 'casci', 'e_cas': -1.0774934402907426, 'n_active': 2, 'nel_active': 2}
  [diag] reference density electron count: 4.002802  (mol.nelectron = 4)

-- Phase C: Schmidt Decomposition --
  [diag] Schmidt singular values (all 2): [0.000002 0.000001]
  [diag] max |Q_imp.T @ Q_bath| over the 2 kept bath orbital(s): 1.61e-09  (should be ~1e-10)
  Impurity: 2  Bath: 2  Embedding: 4 -> 8 qubits
  sv^2 coverage: 1.0000
  [diag] C_emb orthonormality error: 1.61e-09
  [diag] embedding electron count from the reference density: alpha=2.000008 -> 2, beta=2.000008 -> 2  (the active-space count would give 1, 1)

-- Phase D: Core Mean-Field Potential --
  [diag] core density electron count: 0.002787  (expect mol.nelectron - embedding electrons = 4 - 4 = 0)

-- Phase E: Integral Transformation --
  [diag] h2e symmetry error: 6.94e-18
  ecore = 0.99175694 Ha

-- Phase F: Chemical Potential Correction --
  mu = -1.500452 Ha   ecore -> -5.01005131 Ha

  h1e (4, 4)  h2e (4, 4, 4, 4)  Time: 0.0s

-- Verification: independent embedded SCF --
  Embedded SCF (independent check) = -7.8620269623 Ha
  Full-molecule UHF                = -7.8620269593 Ha
  delta = -2.910e-09 Ha  (tol 2e-07)  OK

[Step 2] Saved -> /home/loharkar/quenais-standalone/quenais/runs/lih_gqe/results/step2_hamiltonian.pkl

============================================================
[Step 2] Summary -- LiH
  Embedding : 2 imp + 2 bath = 4 orbitals (8 qubits)
  Electrons : 2 alpha + 2 beta
  ecore     : -5.01005131 Ha    mu: -1.500452 Ha
============================================================

============================================================
  Step 3: Quantum solver
============================================================
Traceback (most recent call last):
  File "/home/loharkar/quenais-standalone/quenais/quenais-env/bin/quenais-run", line 6, in <module>
    sys.exit(run_pipeline())
             ^^^^^^^^^^^^^^
  File "/home/loharkar/quenais-standalone/quenais/quenais/cli.py", line 138, in run_pipeline
    run_step(step, cfg, args)
  File "/home/loharkar/quenais-standalone/quenais/quenais/cli.py", line 107, in run_step
    return dispatch(cfg, force=args.force)
           ^^^^^^^^^^^^^^^^^^^^^^^^^^^^^^^
  File "/home/loharkar/quenais-standalone/quenais/quenais/quantum/__init__.py", line 56, in dispatch
    return gqe_runner.main(cfg, force=force, **kwargs)
           ^^^^^^^^^^^^^^^^^^^^^^^^^^^^^^^^^^^^^^^^^^^
  File "/home/loharkar/quenais-standalone/quenais/quenais/quantum/gqe_runner.py", line 185, in main
    repo = resolve_repo(cfg=cfg)
           ^^^^^^^^^^^^^^^^^^^^^
  File "/home/loharkar/quenais-standalone/quenais/quenais/quantum/gqe_setup.py", line 90, in resolve_repo
    raise FileNotFoundError(
FileNotFoundError: The gqe-for-qsci checkout was not found. Pass --repo, set cfg.gqe.repo_path, or export GQE_QSCI_REPO_PATH.
